--查看server端字符集
select userenv('language') from dual;

SQL>SHUTDOWN IMMEDIATE
SQL>STARTUP MOUNT （mount模式下修改字符集）
SQL>ALTER SYSTEM ENABLE RESTRICTED SESSION;
SQL>ALTER SYSTEM SET JOB_QUEUE_PROCESSES=0;
SQL>ALTER SYSTEM SET AQ_TM_PROCESSES=0;
SQL>ALTER DATABASE OPEN;
SQL> ALTER DATABASE CHARACTER SET ZHS16GBK ;
ALTER DATABASE CHARACTER SET ZHS16GBK
*ERROR at line 1:
ORA-12712: new character set must be a superset of old character set
报字符集不兼容，此时下INTERNAL_USE指令不对字符集超集进行检查：
SQL>ALTER DATABASE CHARACTER SET INTERNAL_USE ZHS16GBK;
SQL>SHUTDOWN IMMEDIATE
SQL>STARTUP